// Jest Snapshot v1, https://goo.gl/fbAQLP

exports[`<Overview /> should render correctly 1`] = `ShallowWrapper {}`;
